{"synthetic": false,
 "schemaVersion": "2025-09-10",
 "outputs":
 {"o": ["4fe951695029cbc4.olean"],
  "i": "ec15601fd878c6ca.ilean",
  "c": "43b89c205a6651f4.c"},
 "log":
 [{"message":
   ".> LEAN_PATH=/Users/ChiChi/Documents/Documents - MacBook Air (8)/CS 6501 - Software Logic/go_project/softwarelogic_go/.lake/build/lib/lean /Users/ChiChi/.elan/toolchains/leanprover--lean4---v4.29.1/bin/lean /Users/ChiChi/Documents/Documents - MacBook Air (8)/CS 6501 - Software Logic/go_project/softwarelogic_go/Go/Basic.lean -o /Users/ChiChi/Documents/Documents - MacBook Air (8)/CS 6501 - Software Logic/go_project/softwarelogic_go/.lake/build/lib/lean/Go/Basic.olean -i /Users/ChiChi/Documents/Documents - MacBook Air (8)/CS 6501 - Software Logic/go_project/softwarelogic_go/.lake/build/lib/lean/Go/Basic.ilean -c /Users/ChiChi/Documents/Documents - MacBook Air (8)/CS 6501 - Software Logic/go_project/softwarelogic_go/.lake/build/ir/Go/Basic.c --setup /Users/ChiChi/Documents/Documents - MacBook Air (8)/CS 6501 - Software Logic/go_project/softwarelogic_go/.lake/build/ir/Go/Basic.setup.json --json",
   "level": "trace"}],
 "inputs":
 [["Go.Basic:deps",
   [["deps",
     [["SoftwareLogic_Go/Go:extraDep",
       [["@SoftwareLogic_Go:extraDep", "00000000000006bb"]]],
      ["imports", "00000000000006bb"]]],
    ["libs",
     [["import dynlibs", "00000000000006bb"],
      ["package external libraries", "00000000000006bb"],
      ["module dynlibs", "00000000000006bb"],
      ["module plugins", "00000000000006bb"]]]]],
  ["Lean 4.29.1, commit f72c35b3f637c8c6571d353742168ab66cc22c00",
   "fa77a35a41db35c0"],
  ["/Users/ChiChi/Documents/Documents - MacBook Air (8)/CS 6501 - Software Logic/go_project/softwarelogic_go/Go/Basic.lean",
   "ca1f9a091228c55c"],
  ["options", "00000000000006bb"],
  ["isModule: false", "feefd2a0d3a1847e"],
  ["Module.name: Go.Basic", "27eefdf487e48caa"],
  ["Package.id?: (some SoftwareLogic_Go)", "cbcc816976ab0c9e"],
  ["Module.leanArgs: #[]", "00000000000006bb"]],
 "depHash": "f948b138cfc1f972"}