{"synthetic": false,
 "schemaVersion": "2025-09-10",
 "outputs":
 {"o": ["fecded34fb08199d.olean"],
  "m": false,
  "i": "ced4215082ee46dd.ilean",
  "c": "4ffbe2ee24bdfb83.c"},
 "log":
 [{"message":
   ".> LEAN_PATH=D:\\school\\softwarelogic\\Go\\.lake\\build\\lib\\lean c:\\Users\\ash\\.elan\\toolchains\\leanprover--lean4---v4.30.0-rc2\\bin\\lean.exe D:\\school\\softwarelogic\\Go\\Go\\Capture.lean -o D:\\school\\softwarelogic\\Go\\.lake\\build\\lib\\lean\\Go\\Capture.olean -i D:\\school\\softwarelogic\\Go\\.lake\\build\\lib\\lean\\Go\\Capture.ilean -c D:\\school\\softwarelogic\\Go\\.lake\\build\\ir\\Go\\Capture.c --setup D:\\school\\softwarelogic\\Go\\.lake\\build\\ir\\Go\\Capture.setup.json --json",
   "level": "trace"}],
 "inputs":
 [["Go.Capture:deps",
   [["deps",
     [["SoftwareLogic_Go/Go:extraDep",
       [["@SoftwareLogic_Go:extraDep", "00000000000006bb"]]],
      ["imports",
       [["Go.Liberty transitive imports (legacy)", "ad09dc273c8ace76"],
        ["Go.Liberty:importAllArts", "689030189de57813"]]]]],
    ["libs",
     [["import dynlibs", "00000000000006bb"],
      ["package external libraries", "00000000000006bb"],
      ["module dynlibs", "00000000000006bb"],
      ["module plugins", "00000000000006bb"]]]]],
  ["Lean 4.30.0, commit 3dc1a088b6d2d8eafe25a7cd7ec7b58d731bd7cc",
   "2c8d2623007dfc36"],
  ["D:\\school\\softwarelogic\\Go\\Go\\Capture.lean", "e5ee966c84dfd4f6"],
  ["options", "00000000000006bb"],
  ["isModule: false", "feefd2a0d3a1847e"],
  ["Module.name: Go.Capture", "7115a78db3a16212"],
  ["Package.id?: (some SoftwareLogic_Go)", "cbcc816976ab0c9e"],
  ["Module.leanArgs: #[]", "00000000000006bb"]],
 "depHash": "bfb2d077f2c9dba6"}