{"synthetic": false,
 "schemaVersion": "2025-09-10",
 "outputs":
 {"o": ["57f335ccbed81ddf.olean"],
  "i": "e701eb30893ad34b.ilean",
  "c": "fec67175c4604847.c"},
 "log":
 [{"message":
   ".> LEAN_PATH=C:\\Users\\bcu6cy\\Downloads\\lean\\softwarelogic_go\\.lake\\build\\lib\\lean c:\\Users\\bcu6cy\\.elan\\toolchains\\leanprover--lean4---v4.29.1\\bin\\lean.exe C:\\Users\\bcu6cy\\Downloads\\lean\\softwarelogic_go\\Go\\Group.lean -o C:\\Users\\bcu6cy\\Downloads\\lean\\softwarelogic_go\\.lake\\build\\lib\\lean\\Go\\Group.olean -i C:\\Users\\bcu6cy\\Downloads\\lean\\softwarelogic_go\\.lake\\build\\lib\\lean\\Go\\Group.ilean -c C:\\Users\\bcu6cy\\Downloads\\lean\\softwarelogic_go\\.lake\\build\\ir\\Go\\Group.c --setup C:\\Users\\bcu6cy\\Downloads\\lean\\softwarelogic_go\\.lake\\build\\ir\\Go\\Group.setup.json --json",
   "level": "trace"}],
 "inputs":
 [["Go.Group:deps",
   [["deps",
     [["SoftwareLogic_Go/Go:extraDep",
       [["@SoftwareLogic_Go:extraDep", "00000000000006bb"]]],
      ["imports",
       [["Go.Board transitive imports (legacy)", "997874e26fad8217"],
        ["Go.Board:importAllArts", "d279ce17b3fc536e"]]]]],
    ["libs",
     [["import dynlibs", "00000000000006bb"],
      ["package external libraries", "00000000000006bb"],
      ["module dynlibs", "00000000000006bb"],
      ["module plugins", "00000000000006bb"]]]]],
  ["Lean 4.29.1, commit f72c35b3f637c8c6571d353742168ab66cc22c00",
   "fa77a35a41db35c0"],
  ["C:\\Users\\bcu6cy\\Downloads\\lean\\softwarelogic_go\\Go\\Group.lean",
   "1916815b40a77d75"],
  ["options", "00000000000006bb"],
  ["isModule: false", "feefd2a0d3a1847e"],
  ["Module.name: Go.Group", "ef95716c482b7151"],
  ["Package.id?: (some SoftwareLogic_Go)", "cbcc816976ab0c9e"],
  ["Module.leanArgs: #[]", "00000000000006bb"]],
 "depHash": "be397466c9f525b5"}