{"synthetic": false,
 "schemaVersion": "2025-09-10",
 "outputs":
 {"o": ["d72c217ff9fc56a9.olean"],
  "i": "e58c4405c8b37dd4.ilean",
  "c": "faac46b4b05b92c9.c"},
 "log":
 [{"message":
   ".> LEAN_PATH=/Users/ChiChi/Documents/Documents - MacBook Air (8)/CS 6501 - Software Logic/go_project/softwarelogic_go/.lake/build/lib/lean /Users/ChiChi/.elan/toolchains/leanprover--lean4---v4.29.1/bin/lean /Users/ChiChi/Documents/Documents - MacBook Air (8)/CS 6501 - Software Logic/go_project/softwarelogic_go/Go/Liberty.lean -o /Users/ChiChi/Documents/Documents - MacBook Air (8)/CS 6501 - Software Logic/go_project/softwarelogic_go/.lake/build/lib/lean/Go/Liberty.olean -i /Users/ChiChi/Documents/Documents - MacBook Air (8)/CS 6501 - Software Logic/go_project/softwarelogic_go/.lake/build/lib/lean/Go/Liberty.ilean -c /Users/ChiChi/Documents/Documents - MacBook Air (8)/CS 6501 - Software Logic/go_project/softwarelogic_go/.lake/build/ir/Go/Liberty.c --setup /Users/ChiChi/Documents/Documents - MacBook Air (8)/CS 6501 - Software Logic/go_project/softwarelogic_go/.lake/build/ir/Go/Liberty.setup.json --json",
   "level": "trace"}],
 "inputs":
 [["Go.Liberty:deps",
   [["deps",
     [["SoftwareLogic_Go/Go:extraDep",
       [["@SoftwareLogic_Go:extraDep", "00000000000006bb"]]],
      ["imports",
       [["Go.Group transitive imports (legacy)", "e3542d66710d1ab4"],
        ["Go.Group:importAllArts", "81ecc28305690d26"]]]]],
    ["libs",
     [["import dynlibs", "00000000000006bb"],
      ["package external libraries", "00000000000006bb"],
      ["module dynlibs", "00000000000006bb"],
      ["module plugins", "00000000000006bb"]]]]],
  ["Lean 4.29.1, commit f72c35b3f637c8c6571d353742168ab66cc22c00",
   "fa77a35a41db35c0"],
  ["/Users/ChiChi/Documents/Documents - MacBook Air (8)/CS 6501 - Software Logic/go_project/softwarelogic_go/Go/Liberty.lean",
   "3b8369f37641eeb2"],
  ["options", "00000000000006bb"],
  ["isModule: false", "feefd2a0d3a1847e"],
  ["Module.name: Go.Liberty", "222e6ec6c0818610"],
  ["Package.id?: (some SoftwareLogic_Go)", "cbcc816976ab0c9e"],
  ["Module.leanArgs: #[]", "00000000000006bb"]],
 "depHash": "ace2cba1dd7202df"}