{"synthetic": false,
 "schemaVersion": "2025-09-10",
 "outputs":
 {"o": ["c3e84ec7b85ea2a8.olean"],
  "i": "d5d95326eb377caf.ilean",
  "c": "7d01479c79c63b9a.c"},
 "log":
 [{"message":
   ".> LEAN_PATH=/Users/ChiChi/Documents/Documents - MacBook Air (8)/CS 6501 - Software Logic/go_project/softwarelogic_go/.lake/build/lib/lean /Users/ChiChi/.elan/toolchains/leanprover--lean4---v4.29.1/bin/lean /Users/ChiChi/Documents/Documents - MacBook Air (8)/CS 6501 - Software Logic/go_project/softwarelogic_go/Go/Move.lean -o /Users/ChiChi/Documents/Documents - MacBook Air (8)/CS 6501 - Software Logic/go_project/softwarelogic_go/.lake/build/lib/lean/Go/Move.olean -i /Users/ChiChi/Documents/Documents - MacBook Air (8)/CS 6501 - Software Logic/go_project/softwarelogic_go/.lake/build/lib/lean/Go/Move.ilean -c /Users/ChiChi/Documents/Documents - MacBook Air (8)/CS 6501 - Software Logic/go_project/softwarelogic_go/.lake/build/ir/Go/Move.c --setup /Users/ChiChi/Documents/Documents - MacBook Air (8)/CS 6501 - Software Logic/go_project/softwarelogic_go/.lake/build/ir/Go/Move.setup.json --json",
   "level": "trace"}],
 "inputs":
 [["Go.Move:deps",
   [["deps",
     [["SoftwareLogic_Go/Go:extraDep",
       [["@SoftwareLogic_Go:extraDep", "00000000000006bb"]]],
      ["imports",
       [["Go.Capture transitive imports (legacy)", "25591a158caffd80"],
        ["Go.Capture:importAllArts", "a80101bdbc12c27f"]]]]],
    ["libs",
     [["import dynlibs", "00000000000006bb"],
      ["package external libraries", "00000000000006bb"],
      ["module dynlibs", "00000000000006bb"],
      ["module plugins", "00000000000006bb"]]]]],
  ["Lean 4.29.1, commit f72c35b3f637c8c6571d353742168ab66cc22c00",
   "fa77a35a41db35c0"],
  ["/Users/ChiChi/Documents/Documents - MacBook Air (8)/CS 6501 - Software Logic/go_project/softwarelogic_go/Go/Move.lean",
   "3718e6f705dfb426"],
  ["options", "00000000000006bb"],
  ["isModule: false", "feefd2a0d3a1847e"],
  ["Module.name: Go.Move", "e49f5005e0be6b96"],
  ["Package.id?: (some SoftwareLogic_Go)", "cbcc816976ab0c9e"],
  ["Module.leanArgs: #[]", "00000000000006bb"]],
 "depHash": "3b7ba4d9328e2749"}