{"synthetic": false,
 "schemaVersion": "2025-09-10",
 "outputs":
 {"o": ["7bea586981034997.olean"],
  "i": "794267fdc4e640eb.ilean",
  "c": "8676e414a16c7ca6.c"},
 "log":
 [{"message":
   ".> LEAN_PATH=/Users/ChiChi/Documents/Documents - MacBook Air (8)/CS 6501 - Software Logic/go_project/softwarelogic_go/.lake/build/lib/lean /Users/ChiChi/.elan/toolchains/leanprover--lean4---v4.29.1/bin/lean /Users/ChiChi/Documents/Documents - MacBook Air (8)/CS 6501 - Software Logic/go_project/softwarelogic_go/Go/Proofs.lean -o /Users/ChiChi/Documents/Documents - MacBook Air (8)/CS 6501 - Software Logic/go_project/softwarelogic_go/.lake/build/lib/lean/Go/Proofs.olean -i /Users/ChiChi/Documents/Documents - MacBook Air (8)/CS 6501 - Software Logic/go_project/softwarelogic_go/.lake/build/lib/lean/Go/Proofs.ilean -c /Users/ChiChi/Documents/Documents - MacBook Air (8)/CS 6501 - Software Logic/go_project/softwarelogic_go/.lake/build/ir/Go/Proofs.c --setup /Users/ChiChi/Documents/Documents - MacBook Air (8)/CS 6501 - Software Logic/go_project/softwarelogic_go/.lake/build/ir/Go/Proofs.setup.json --json",
   "level": "trace"}],
 "inputs":
 [["Go.Proofs:deps",
   [["deps",
     [["SoftwareLogic_Go/Go:extraDep",
       [["@SoftwareLogic_Go:extraDep", "00000000000006bb"]]],
      ["imports",
       [["Go.Step transitive imports (legacy)", "bcf56c72ef7d442c"],
        ["Go.Step:importAllArts", "6f650e01f8f36300"]]]]],
    ["libs",
     [["import dynlibs", "00000000000006bb"],
      ["package external libraries", "00000000000006bb"],
      ["module dynlibs", "00000000000006bb"],
      ["module plugins", "00000000000006bb"]]]]],
  ["Lean 4.29.1, commit f72c35b3f637c8c6571d353742168ab66cc22c00",
   "fa77a35a41db35c0"],
  ["/Users/ChiChi/Documents/Documents - MacBook Air (8)/CS 6501 - Software Logic/go_project/softwarelogic_go/Go/Proofs.lean",
   "be2668b084719465"],
  ["options", "00000000000006bb"],
  ["isModule: false", "feefd2a0d3a1847e"],
  ["Module.name: Go.Proofs", "228c1cda55388790"],
  ["Package.id?: (some SoftwareLogic_Go)", "cbcc816976ab0c9e"],
  ["Module.leanArgs: #[]", "00000000000006bb"]],
 "depHash": "5486c10aaec86ce5"}