{"synthetic": false,
 "schemaVersion": "2025-09-10",
 "outputs": "c17a3132dbde6396",
 "log":
 [{"message":
   ".> MACOSX_DEPLOYMENT_TARGET=99.0 /Users/ChiChi/.elan/toolchains/leanprover--lean4---v4.29.1/bin/clang -o /Users/ChiChi/Documents/Documents - MacBook Air (8)/CS 6501 - Software Logic/go_project/softwarelogic_go/.lake/build/bin/SoftwareLogic_Go /Users/ChiChi/Documents/Documents - MacBook Air (8)/CS 6501 - Software Logic/go_project/softwarelogic_go/.lake/build/ir/Main.c.o.export /Users/ChiChi/Documents/Documents - MacBook Air (8)/CS 6501 - Software Logic/go_project/softwarelogic_go/.lake/build/ir/Go/Basic.c.o.export /Users/ChiChi/Documents/Documents - MacBook Air (8)/CS 6501 - Software Logic/go_project/softwarelogic_go/.lake/build/ir/Go/Board.c.o.export /Users/ChiChi/Documents/Documents - MacBook Air (8)/CS 6501 - Software Logic/go_project/softwarelogic_go/.lake/build/ir/Go/Group.c.o.export /Users/ChiChi/Documents/Documents - MacBook Air (8)/CS 6501 - Software Logic/go_project/softwarelogic_go/.lake/build/ir/Go/Liberty.c.o.export /Users/ChiChi/Documents/Documents - MacBook Air (8)/CS 6501 - Software Logic/go_project/softwarelogic_go/.lake/build/ir/Go/Capture.c.o.export /Users/ChiChi/Documents/Documents - MacBook Air (8)/CS 6501 - Software Logic/go_project/softwarelogic_go/.lake/build/ir/Go/Move.c.o.export /Users/ChiChi/Documents/Documents - MacBook Air (8)/CS 6501 - Software Logic/go_project/softwarelogic_go/.lake/build/ir/Go/Step.c.o.export /Users/ChiChi/Documents/Documents - MacBook Air (8)/CS 6501 - Software Logic/go_project/softwarelogic_go/.lake/build/ir/Go/Proofs.c.o.export -L /Users/ChiChi/.elan/toolchains/leanprover--lean4---v4.29.1/lib/lean --sysroot /Users/ChiChi/.elan/toolchains/leanprover--lean4---v4.29.1 -L /Users/ChiChi/.elan/toolchains/leanprover--lean4---v4.29.1/lib -L /Users/ChiChi/.elan/toolchains/leanprover--lean4---v4.29.1/lib/libc -fuse-ld=lld -lleancpp -lInit -lStd -lLean -lleanrt -lc++ -lLake -lgmp -luv -Wl,-dead_strip",
   "level": "trace"}],
 "inputs":
 [["linkObjs",
   [["/Users/ChiChi/Documents/Documents - MacBook Air (8)/CS 6501 - Software Logic/go_project/softwarelogic_go/.lake/build/ir/Main.c.o.export",
     "d00c026ee3dcb4d6"],
    ["/Users/ChiChi/Documents/Documents - MacBook Air (8)/CS 6501 - Software Logic/go_project/softwarelogic_go/.lake/build/ir/Go/Basic.c.o.export",
     "4933c347e4d3c5b2"],
    ["/Users/ChiChi/Documents/Documents - MacBook Air (8)/CS 6501 - Software Logic/go_project/softwarelogic_go/.lake/build/ir/Go/Board.c.o.export",
     "bbb33071420a7f4e"],
    ["/Users/ChiChi/Documents/Documents - MacBook Air (8)/CS 6501 - Software Logic/go_project/softwarelogic_go/.lake/build/ir/Go/Group.c.o.export",
     "fd32e7c9c4f0f006"],
    ["/Users/ChiChi/Documents/Documents - MacBook Air (8)/CS 6501 - Software Logic/go_project/softwarelogic_go/.lake/build/ir/Go/Liberty.c.o.export",
     "2f66bfd585b384e4"],
    ["/Users/ChiChi/Documents/Documents - MacBook Air (8)/CS 6501 - Software Logic/go_project/softwarelogic_go/.lake/build/ir/Go/Capture.c.o.export",
     "b87ce2134bc806b1"],
    ["/Users/ChiChi/Documents/Documents - MacBook Air (8)/CS 6501 - Software Logic/go_project/softwarelogic_go/.lake/build/ir/Go/Move.c.o.export",
     "4a9cd4b4e2930c6c"],
    ["/Users/ChiChi/Documents/Documents - MacBook Air (8)/CS 6501 - Software Logic/go_project/softwarelogic_go/.lake/build/ir/Go/Step.c.o.export",
     "5ba8bedde2b5135d"],
    ["/Users/ChiChi/Documents/Documents - MacBook Air (8)/CS 6501 - Software Logic/go_project/softwarelogic_go/.lake/build/ir/Go/Proofs.c.o.export",
     "938e7d7c52754559"]]],
  ["linkLibs", "00000000000006bb"],
  ["Lean 4.29.1, commit f72c35b3f637c8c6571d353742168ab66cc22c00",
   "fa77a35a41db35c0"],
  ["traceArgs: #[]", "00000000000006bb"],
  ["arm64-apple-darwin24.6.0", "77c16133d139df5a"]],
 "depHash": "4ef4625da0e8a6dd"}