{"synthetic": false,
 "schemaVersion": "2025-09-10",
 "outputs": "5ea64c6f9bc30865.exe",
 "log":
 [{"message":
   ".> c:\\Users\\bcu6cy\\.elan\\toolchains\\leanprover--lean4---v4.29.1\\bin\\clang.exe -o C:\\Users\\bcu6cy\\Downloads\\lean\\softwarelogic_go\\.lake\\build\\bin\\SoftwareLogic_Go.exe @C:\\Users\\bcu6cy\\Downloads\\lean\\softwarelogic_go\\.lake\\build\\bin\\SoftwareLogic_Go.exe.rsp",
   "level": "trace"}],
 "inputs":
 [["linkObjs",
   [["C:\\Users\\bcu6cy\\Downloads\\lean\\softwarelogic_go\\.lake\\build\\ir\\Main.c.o.noexport",
     "ccae422d09fedb49"],
    ["C:\\Users\\bcu6cy\\Downloads\\lean\\softwarelogic_go\\.lake\\build\\ir\\Go\\Basic.c.o.noexport",
     "46a934605acab5ff"],
    ["C:\\Users\\bcu6cy\\Downloads\\lean\\softwarelogic_go\\.lake\\build\\ir\\Go\\Board.c.o.noexport",
     "72774d98c61460d0"],
    ["C:\\Users\\bcu6cy\\Downloads\\lean\\softwarelogic_go\\.lake\\build\\ir\\Go\\Group.c.o.noexport",
     "d0dd7630208fc39e"],
    ["C:\\Users\\bcu6cy\\Downloads\\lean\\softwarelogic_go\\.lake\\build\\ir\\Go\\Liberty.c.o.noexport",
     "1492f951ee116a76"],
    ["C:\\Users\\bcu6cy\\Downloads\\lean\\softwarelogic_go\\.lake\\build\\ir\\Go\\Capture.c.o.noexport",
     "792023c6edb54e0f"],
    ["C:\\Users\\bcu6cy\\Downloads\\lean\\softwarelogic_go\\.lake\\build\\ir\\Go\\Move.c.o.noexport",
     "ef16fc35b74b7d62"],
    ["C:\\Users\\bcu6cy\\Downloads\\lean\\softwarelogic_go\\.lake\\build\\ir\\Go\\Step.c.o.noexport",
     "56872c4ca7221af6"],
    ["C:\\Users\\bcu6cy\\Downloads\\lean\\softwarelogic_go\\.lake\\build\\ir\\Go\\Proofs.c.o.noexport",
     "883731542e8f03ad"]]],
  ["linkLibs", "00000000000006bb"],
  ["Lean 4.29.1, commit f72c35b3f637c8c6571d353742168ab66cc22c00",
   "fa77a35a41db35c0"],
  ["traceArgs: #[-Wl,--whole-archive, -lleanmanifest, -Wl,--no-whole-archive]",
   "d9dc93f51f923c09"],
  ["x86_64-w64-windows-gnu", "360db333d006d911"]],
 "depHash": "9c37dde81a954214"}